export EDITOR
export VISUAL

EDITOR=fake-editor
VISUAL=fake-visual

pottery init
pottery note
VISUAL docs/project-history/1992/1992-01/1992-01-12T16:34:23Z_note_FAKEUNIQUEID.md
docs/project-history/1992/1992-01/1992-01-12T16:34:23Z_note_FAKEUNIQUEID.md
cat docs/project-history/1992/1992-01/1992-01-12T16:34:23Z_note_FAKEUNIQUEID.md
created by VISUAL
