export EDITOR
export VISUAL

EDITOR=fake-editor
VISUAL=

pottery init
pottery post
EDITOR docs/project-history/1992/1992-01/1992-01-12T16:34:23Z.md
docs/project-history/1992/1992-01/1992-01-12T16:34:23Z.md
cat docs/project-history/1992/1992-01/1992-01-12T16:34:23Z.md

