export EDITOR
export VISUAL

EDITOR=
VISUAL=fake-visual

pottery init
pottery post
VISUAL docs/project-history/1992/1992-01/1992-01-12T16:34:23Z_post_FAKEUNIQUEID.md
docs/project-history/1992/1992-01/1992-01-12T16:34:23Z_post_FAKEUNIQUEID.md
cat docs/project-history/1992/1992-01/1992-01-12T16:34:23Z_post_FAKEUNIQUEID.md
created by VISUAL
