pottery init
pottery post Formed a band, we formed a band, look at us, we formed a band
docs/project-history/1992/1992-01/1992-01-12T16:34:23Z_post_FAKEUNIQUEID.md
find docs/project-history -print
docs/project-history
docs/project-history/1992
docs/project-history/1992/1992-01
docs/project-history/1992/1992-01/1992-01-12T16:34:23Z_post_FAKEUNIQUEID.md
cat docs/project-history/1992/1992-01/1992-01-12T16:34:23Z_post_FAKEUNIQUEID.md
Formed a band, we formed a band, look at us, we formed a band
