pottery init
TEST_TIME=1992-01-12T16:34:23Z pottery post "Honey pie, I don't know when it started, stop buying your albums from the supermarket
They only sell records that have charted, and Art Brut, we've only just started"
docs/project-history/1992/1992-01/1992-01-12T16:34:23Z_post_FAKEUNIQUEID.md
TEST_TIME=1992-02-12T10:15:01Z pottery post "And yes, this is my singing voice, it's not irony, it's not rock and roll
We're just talking, to the kids"
docs/project-history/1992/1992-02/1992-02-12T10:15:01Z_post_FAKEUNIQUEID.md
find docs/project-history -print | sort
docs/project-history
docs/project-history/1992
docs/project-history/1992/1992-01
docs/project-history/1992/1992-01/1992-01-12T16:34:23Z_post_FAKEUNIQUEID.md
docs/project-history/1992/1992-02
docs/project-history/1992/1992-02/1992-02-12T10:15:01Z_post_FAKEUNIQUEID.md
cat docs/project-history/1992/1992-01/1992-01-12T16:34:23Z_post_FAKEUNIQUEID.md
Honey pie, I don't know when it started, stop buying your albums from the supermarket
They only sell records that have charted, and Art Brut, we've only just started
cat docs/project-history/1992/1992-02/1992-02-12T10:15:01Z_post_FAKEUNIQUEID.md
And yes, this is my singing voice, it's not irony, it's not rock and roll
We're just talking, to the kids

