pottery init
pottery post First Record
mkdir subdir
cd subdir
pottery post Second Record
ls docs/project-history
ls: docs/project-history: No such file or directory
cd ..
find docs/project-history -print | sort
docs/project-history
docs/project-history/1992
docs/project-history/1992/1992-01
docs/project-history/1992/1992-01/1992-01-12T16:34:23Z.md

