pottery init history-log
pottery post First Record
mkdir subdir
cd subdir
pottery post Second Record
find . -print
.
cd ..
find . -print
.
./.project-history-dir
./history-log
./history-log/1992
./history-log/1992/1992-01
./history-log/1992/1992-01/1992-01-12T16:34:23Z.md
./subdir
