pottery init
pottery note -t 2018-08-2314:01:23Z The new note
Invalid date time
find docs/project-history
docs/project-history
