pottery init
pottery new -t 2018-08-23:14:01:23Z The new post
find docs/project-history